  split42 seed1  P@300=0.2167 AUC=0.6257  (46s)
  split42 seed2  P@300=0.2200 AUC=0.6246  (140s)
  split42 seed3  P@300=0.2233 AUC=0.6249  (245s)
  split42 seed4  P@300=0.2133 AUC=0.6257  (361s)
  split42 seed5  P@300=0.2200 AUC=0.6241  (434s)
SPLIT 42: individual 0.2187 (sd 0.0038 rango 0.213-0.223) | 2sem 0.2273 | 3sem 0.2278 | 5sem-prob 0.2267 | 5sem-rango 0.2233 | solape top300 0.762
   curva arboles: 100:0.2000  200:0.2333  300:0.2300  400:0.2267
  split7 seed1  P@300=0.2267 AUC=0.6222  (493s)
  split7 seed2  P@300=0.2267 AUC=0.6221  (580s)
  split7 seed3  P@300=0.2367 AUC=0.6213  (617s)
  split7 seed4  P@300=0.2233 AUC=0.6238  (653s)
  split7 seed5  P@300=0.2200 AUC=0.6228  (690s)
SPLIT 7: individual 0.2267 (sd 0.0062 rango 0.220-0.237) | 2sem 0.2297 | 3sem 0.2333 | 5sem-prob 0.2400 | 5sem-rango 0.2400 | solape top300 0.775
   curva arboles: 100:0.2167  200:0.2367  300:0.2433  400:0.2400
  split2024 seed1  P@300=0.2133 AUC=0.6222  (728s)
  split2024 seed2  P@300=0.2300 AUC=0.6223  (765s)
  split2024 seed3  P@300=0.2100 AUC=0.6213  (804s)
  split2024 seed4  P@300=0.2067 AUC=0.6221  (843s)
  split2024 seed5  P@300=0.2167 AUC=0.6214  (881s)
SPLIT 2024: individual 0.2153 (sd 0.0090 rango 0.207-0.230) | 2sem 0.2193 | 3sem 0.2222 | 5sem-prob 0.2300 | 5sem-rango 0.2333 | solape top300 0.780
   curva arboles: 100:0.2200  200:0.2333  300:0.2333  400:0.2300

=== RESUMEN (3 particiones) ===
P@300 semilla unica (media)      0.2202
  desv. entre semillas (misma part.) 0.0063  <- ruido autoinfligido
P@300 promedio 2 semillas        0.2254  (+0.52 pp)
P@300 promedio 3 semillas        0.2278  (+0.76 pp)
P@300 promedio 5 semillas (prob) 0.2322  (+1.20 pp) pareado sd 0.0035
P@300 promedio 5 semillas (rango)0.2322  (+0.00 pp vs prob)
solape medio top-300 entre semillas 0.773
AUC ind 0.6231 -> AUC 5sem 0.6232
